[    0.000000] Linux version 4.15.0-213-generic (buildd@lcy02-amd64-079) (gcc version 7.5.0 (Ubuntu 7.5.0-3ubuntu1~18.04)) #224-Ubuntu SMP Mon Jun 19 13:30:12 UTC 2023 (Ubuntu 4.15.0-213.224-generic 4.15.18)
[    0.000000] Command line: BOOT_IMAGE=/boot/vmlinuz-4.15.0-213-generic root=UUID=f685bb41-0e3b-40c4-89c1-eea0f0583525 ro console=tty1 console=ttyS0
[    0.000000] KERNEL supported cpus:
[    0.000000]   Intel GenuineIntel
[    0.000000]   AMD AuthenticAMD
[    0.000000]   Centaur CentaurHauls
[    0.000000] x86/fpu: x87 FPU will use FXSAVE
[    0.000000] e820: BIOS-provided physical RAM map:
[    0.000000] BIOS-e820: [mem 0x0000000000000000-0x000000000009fbff] usable
[    0.000000] BIOS-e820: [mem 0x000000000009fc00-0x000000000009ffff] reserved
[    0.000000] BIOS-e820: [mem 0x00000000000f0000-0x00000000000fffff] reserved
[    0.000000] BIOS-e820: [mem 0x0000000000100000-0x00000000dffeffff] usable
[    0.000000] BIOS-e820: [mem 0x00000000dfff0000-0x00000000dfffffff] ACPI data
[    0.000000] BIOS-e820: [mem 0x00000000fec00000-0x00000000fec00fff] reserved
[    0.000000] BIOS-e820: [mem 0x00000000fee00000-0x00000000fee00fff] reserved
[    0.000000] BIOS-e820: [mem 0x00000000fffc0000-0x00000000ffffffff] reserved
[    0.000000] BIOS-e820: [mem 0x0000000100000000-0x000000011fffffff] usable
[    0.000000] NX (Execute Disable) protection: active
[    0.000000] SMBIOS 2.5 present.
[    0.000000] DMI: innotek GmbH VirtualBox/VirtualBox, BIOS VirtualBox 12/01/2006
[    0.000000] Hypervisor detected: KVM
[    0.000000] e820: last_pfn = 0x120000 max_arch_pfn = 0x400000000
[    0.000000] MTRR: Disabled
[    0.000000] x86/PAT: MTRRs disabled, skipping PAT initialization too.
[    0.000000] CPU MTRRs all blank - virtualized system.
[    0.000000] x86/PAT: Configuration [0-7]: WB  WT  UC- UC  WB  WT  UC- UC  
[    0.000000] e820: last_pfn = 0xdfff0 max_arch_pfn = 0x400000000
[    0.000000] found SMP MP-table at [mem 0x0009fff0-0x0009ffff]
[    0.000000] Scanning 1 areas for low memory corruption
[    0.000000] RAMDISK: [mem 0x3580f000-0x36bfefff]
[    0.000000] ACPI: Early table checksum verification disabled
[    0.000000] ACPI: RSDP 0x00000000000E0000 000024 (v02 VBOX  )
[    0.000000] ACPI: XSDT 0x00000000DFFF0030 00003C (v01 VBOX   VBOXXSDT 00000001 ASL  00000061)
[    0.000000] ACPI: FACP 0x00000000DFFF00F0 0000F4 (v04 VBOX   VBOXFACP 00000001 ASL  00000061)
[    0.000000] ACPI: DSDT 0x00000000DFFF0610 002353 (v02 VBOX   VBOXBIOS 00000002 INTL 20100528)
[    0.000000] ACPI: FACS 0x00000000DFFF0200 000040
[    0.000000] ACPI: FACS 0x00000000DFFF0200 000040
[    0.000000] ACPI: APIC 0x00000000DFFF0240 00005C (v02 VBOX   VBOXAPIC 00000001 ASL  00000061)
[    0.000000] ACPI: SSDT 0x00000000DFFF02A0 00036C (v01 VBOX   VBOXCPUT 00000002 INTL 20100528)
[    0.000000] ACPI: Reserving FACP table memory at [mem 0xdfff00f0-0xdfff01e3]
[    0.000000] ACPI: Reserving DSDT table memory at [mem 0xdfff0610-0xdfff2962]
[    0.000000] ACPI: Reserving FACS table memory at [mem 0xdfff0200-0xdfff023f]
[    0.000000] ACPI: Reserving FACS table memory at [mem 0xdfff0200-0xdfff023f]
[    0.000000] ACPI: Reserving APIC table memory at [mem 0xdfff0240-0xdfff029b]
[    0.000000] ACPI: Reserving SSDT table memory at [mem 0xdfff02a0-0xdfff060b]
[    0.000000] No NUMA configuration found
[    0.000000] Faking a node at [mem 0x0000000000000000-0x000000011fffffff]
[    0.000000] NODE_DATA(0) allocated [mem 0x11ffd5000-0x11fffffff]
[    0.000000] kvm-clock: cpu 0, msr 1:1ff54001, primary cpu clock
[    0.000000] kvm-clock: Using msrs 4b564d01 and 4b564d00
[    0.000000] kvm-clock: using sched offset of 3984118353 cycles
[    0.000000] clocksource: kvm-clock: mask: 0xffffffffffffffff max_cycles: 0x1cd42e4dffb, max_idle_ns: 881590591483 ns
[    0.000000] Zone ranges:
[    0.000000]   DMA      [mem 0x0000000000001000-0x0000000000ffffff]
[    0.000000]   DMA32    [mem 0x0000000001000000-0x00000000ffffffff]
[    0.000000]   Normal   [mem 0x0000000100000000-0x000000011fffffff]
[    0.000000]   Device   empty
[    0.000000] Movable zone start for each node
[    0.000000] Early memory node ranges
[    0.000000]   node   0: [mem 0x0000000000001000-0x000000000009efff]
[    0.000000]   node   0: [mem 0x0000000000100000-0x00000000dffeffff]
[    0.000000]   node   0: [mem 0x0000000100000000-0x000000011fffffff]
[    0.000000] Reserved but unavailable: 104 pages
[    0.000000] Initmem setup node 0 [mem 0x0000000000001000-0x000000011fffffff]
[    0.000000] ACPI: PM-Timer IO Port: 0x4008
[    0.000000] IOAPIC[0]: apic_id 2, version 32, address 0xfec00000, GSI 0-23
[    0.000000] ACPI: INT_SRC_OVR (bus 0 bus_irq 0 global_irq 2 dfl dfl)
[    0.000000] ACPI: INT_SRC_OVR (bus 0 bus_irq 9 global_irq 9 low level)
[    0.000000] Using ACPI (MADT) for SMP configuration information
[    0.000000] smpboot: Allowing 2 CPUs, 0 hotplug CPUs
[    0.000000] PM: Registered nosave memory: [mem 0x00000000-0x00000fff]
[    0.000000] PM: Registered nosave memory: [mem 0x0009f000-0x0009ffff]
[    0.000000] PM: Registered nosave memory: [mem 0x000a0000-0x000effff]
[    0.000000] PM: Registered nosave memory: [mem 0x000f0000-0x000fffff]
[    0.000000] PM: Registered nosave memory: [mem 0xdfff0000-0xdfffffff]
[    0.000000] PM: Registered nosave memory: [mem 0xe0000000-0xfebfffff]
[    0.000000] PM: Registered nosave memory: [mem 0xfec00000-0xfec00fff]
[    0.000000] PM: Registered nosave memory: [mem 0xfec01000-0xfedfffff]
[    0.000000] PM: Registered nosave memory: [mem 0xfee00000-0xfee00fff]
[    0.000000] PM: Registered nosave memory: [mem 0xfee01000-0xfffbffff]
[    0.000000] PM: Registered nosave memory: [mem 0xfffc0000-0xffffffff]
[    0.000000] e820: [mem 0xe0000000-0xfebfffff] available for PCI devices
[    0.000000] Booting paravirtualized kernel on KVM
[    0.000000] clocksource: refined-jiffies: mask: 0xffffffff max_cycles: 0xffffffff, max_idle_ns: 7645519600211568 ns
[    0.000000] setup_percpu: NR_CPUS:8192 nr_cpumask_bits:2 nr_cpu_ids:2 nr_node_ids:1
[    0.000000] percpu: Embedded 50 pages/cpu s167936 r8192 d28672 u1048576
[    0.000000] PV qspinlock hash table entries: 256 (order: 0, 4096 bytes)
[    0.000000] Built 1 zonelists, mobility grouping on.  Total pages: 1032057
[    0.000000] Policy zone: Normal
[    0.000000] Kernel command line: BOOT_IMAGE=/boot/vmlinuz-4.15.0-213-generic root=UUID=f685bb41-0e3b-40c4-89c1-eea0f0583525 ro console=tty1 console=ttyS0
[    0.000000] Memory: 4012380K/4193848K available (12300K kernel code, 2477K rwdata, 4324K rodata, 2480K init, 2720K bss, 181468K reserved, 0K cma-reserved)
[    0.000000] SLUB: HWalign=64, Order=0-3, MinObjects=0, CPUs=2, Nodes=1
[    0.000000] Kernel/User page tables isolation: enabled
[    0.000000] ftrace: allocating 39508 entries in 155 pages
[    0.004000] Hierarchical RCU implementation.
[    0.004000] 	RCU restricting CPUs from NR_CPUS=8192 to nr_cpu_ids=2.
[    0.004000] 	Tasks RCU enabled.
[    0.004000] RCU: Adjusting geometry for rcu_fanout_leaf=16, nr_cpu_ids=2
[    0.004000] NR_IRQS: 524544, nr_irqs: 440, preallocated irqs: 16
[    0.004000] random: crng init done
[    0.004000] Console: colour VGA+ 80x25
[    0.004000] console [tty1] enabled
[    0.004000] console [ttyS0] enabled
[    0.004000] ACPI: Core revision 20170831
[    0.004000] ACPI: 2 ACPI AML tables successfully acquired and loaded
[    0.004000] APIC: Switch to symmetric I/O mode setup
[    0.008000] ..TIMER: vector=0x30 apic1=0 pin1=2 apic2=-1 pin2=-1
[    0.008008] tsc: Detected 2400.006 MHz processor
[    0.012011] Calibrating delay loop (skipped) preset value.. 4800.01 BogoMIPS (lpj=9600024)
[    0.016006] pid_max: default: 32768 minimum: 301
[    0.020131] Security Framework initialized
[    0.024007] Yama: becoming mindful.
[    0.028184] AppArmor: AppArmor initialized
[    0.052000] Dentry cache hash table entries: 524288 (order: 10, 4194304 bytes)
[    0.065436] Inode-cache hash table entries: 262144 (order: 9, 2097152 bytes)
[    0.068328] Mount-cache hash table entries: 8192 (order: 4, 65536 bytes)
[    0.072328] Mountpoint-cache hash table entries: 8192 (order: 4, 65536 bytes)
[    0.078544] Last level iTLB entries: 4KB 64, 2MB 8, 4MB 8
[    0.080003] Last level dTLB entries: 4KB 64, 2MB 0, 4MB 0, 1GB 4
[    0.084004] Spectre V1 : Mitigation: usercopy/swapgs barriers and __user pointer sanitization
[    0.088003] Spectre V2 : Mitigation: Retpolines
[    0.092002] Spectre V2 : Spectre v2 / SpectreRSB mitigation: Filling RSB on context switch
[    0.096002] Spectre V2 : Spectre v2 / SpectreRSB : Filling RSB on VMEXIT
[    0.100002] RETBleed: WARNING: Spectre v2 mitigation leaves CPU vulnerable to RETBleed attacks, data leaks possible!
[    0.104003] RETBleed: Vulnerable
[    0.108002] Speculative Store Bypass: Vulnerable
[    0.112095] MDS: Mitigation: Clear CPU buffers
[    0.116003] MMIO Stale Data: Mitigation: Clear CPU buffers
[    0.120003] SRBDS: Unknown: Dependent on hypervisor status
[    0.124182] Freeing SMP alternatives memory: 36K
[    0.245928] APIC calibration not consistent with PM-Timer: 102ms instead of 100ms
[    0.248000] APIC delta adjusted to PM-Timer: 6253031 (6384781)
[    0.248502] smpboot: CPU0: Intel(R) Core(TM) i5-9300H CPU @ 2.40GHz (family: 0x6, model: 0x9e, stepping: 0xa)
[    0.252591] Performance Events: unsupported p6 CPU model 158 no PMU driver, software events only.
[    0.256137] Hierarchical SRCU implementation.
[    0.260777] NMI watchdog: Perf event create on CPU 0 failed with -2
[    0.264004] NMI watchdog: Perf NMI watchdog permanently disabled
[    0.268387] smp: Bringing up secondary CPUs ...
[    0.276889] x86: Booting SMP configuration:
[    0.280003] .... node  #0, CPUs:      #1
[    0.004000] kvm-clock: cpu 1, msr 1:1ff54041, secondary cpu clock
[    0.292000] TSC synchronization [CPU#0 -> CPU#1]:
[    0.292000] Measured 49647 cycles TSC warp between CPUs, turning off TSC clock.
[    0.292000] tsc: Marking TSC unstable due to check_tsc_sync_source failed
[    0.296252] smp: Brought up 1 node, 2 CPUs
[    0.300005] smpboot: Max logical packages: 1
[    0.304003] smpboot: Total of 2 processors activated (9600.02 BogoMIPS)
[    0.308724] devtmpfs: initialized
[    0.312123] x86/mm: Memory block size: 128MB
[    0.320947] evm: security.selinux
[    0.324003] evm: security.SMACK64
[    0.328002] evm: security.SMACK64EXEC
[    0.332003] evm: security.SMACK64TRANSMUTE
[    0.336004] evm: security.SMACK64MMAP
[    0.340003] evm: security.apparmor
[    0.344002] evm: security.ima
[    0.348003] evm: security.capability
[    0.356259] clocksource: jiffies: mask: 0xffffffff max_cycles: 0xffffffff, max_idle_ns: 7645041785100000 ns
[    0.360009] futex hash table entries: 512 (order: 3, 32768 bytes)
[    0.364233] pinctrl core: initialized pinctrl subsystem
[    0.368715] RTC time:  1:39:49, date: 11/10/24
[    0.377540] NET: Registered protocol family 16
[    0.380133] audit: initializing netlink subsys (disabled)
[    0.384252] audit: type=2000 audit(1731202794.726:1): state=initialized audit_enabled=0 res=1
[    0.396007] cpuidle: using governor ladder
[    0.400008] cpuidle: using governor menu
[    0.404097] ACPI: bus type PCI registered
[    0.408003] acpiphp: ACPI Hot Plug PCI Controller Driver version: 0.5
[    0.412648] PCI: Using configuration type 1 for base access
[    0.420503] HugeTLB registered 2.00 MiB page size, pre-allocated 0 pages
[    0.428457] ACPI: Added _OSI(Module Device)
[    0.432010] ACPI: Added _OSI(Processor Device)
[    0.436003] ACPI: Added _OSI(3.0 _SCP Extensions)
[    0.440003] ACPI: Added _OSI(Processor Aggregator Device)
[    0.444004] ACPI: Added _OSI(Linux-Dell-Video)
[    0.448005] ACPI: Added _OSI(Linux-Lenovo-NV-HDMI-Audio)
[    0.452003] ACPI: Added _OSI(Linux-HPI-Hybrid-Graphics)
[    0.457049] ACPI: Executed 1 blocks of module-level executable AML code
[    0.464954] ACPI: Interpreter enabled
[    0.468013] ACPI: (supports S0 S5)
[    0.472003] ACPI: Using IOAPIC for interrupt routing
[    0.476445] PCI: Using host bridge windows from ACPI; if necessary, use "pci=nocrs" and report a bug
[    0.480276] ACPI: Enabled 2 GPEs in block 00 to 07
[    0.498370] ACPI: PCI Root Bridge [PCI0] (domain 0000 [bus 00-ff])
[    0.500007] acpi PNP0A03:00: _OSC: OS supports [ASPM ClockPM Segments MSI]
[    0.504823] acpi PNP0A03:00: _OSC: not requesting OS control; OS requires [ExtendedConfig ASPM ClockPM MSI]
[    0.508012] acpi PNP0A03:00: fail to add MMCONFIG information, can't access extended PCI configuration space under this bridge.
[    0.512841] PCI host bridge to bus 0000:00
[    0.516005] pci_bus 0000:00: root bus resource [io  0x0000-0x0cf7 window]
[    0.520005] pci_bus 0000:00: root bus resource [io  0x0d00-0xffff window]
[    0.524004] pci_bus 0000:00: root bus resource [mem 0x000a0000-0x000bffff window]
[    0.528004] pci_bus 0000:00: root bus resource [mem 0xe0000000-0xfdffffff window]
[    0.532004] pci_bus 0000:00: root bus resource [bus 00-ff]
[    0.546839] pci 0000:00:01.1: legacy IDE quirk: reg 0x10: [io  0x01f0-0x01f7]
[    0.548003] pci 0000:00:01.1: legacy IDE quirk: reg 0x14: [io  0x03f6]
[    0.552005] pci 0000:00:01.1: legacy IDE quirk: reg 0x18: [io  0x0170-0x0177]
[    0.556004] pci 0000:00:01.1: legacy IDE quirk: reg 0x1c: [io  0x0376]
[    0.586019] pci 0000:00:07.0: quirk: [io  0x4000-0x403f] claimed by PIIX4 ACPI
[    0.588046] pci 0000:00:07.0: quirk: [io  0x4100-0x410f] claimed by PIIX4 SMB
[    0.601151] ACPI: PCI Interrupt Link [LNKA] (IRQs 5 9 10 *11)
[    0.608383] ACPI: PCI Interrupt Link [LNKB] (IRQs 5 9 *10 11)
[    0.612236] ACPI: PCI Interrupt Link [LNKC] (IRQs 5 *9 10 11)
[    0.616248] ACPI: PCI Interrupt Link [LNKD] (IRQs 5 9 10 *11)
[    0.624878] SCSI subsystem initialized
[    0.632052] pci 0000:00:02.0: vgaarb: setting as boot VGA device
[    0.636000] pci 0000:00:02.0: vgaarb: VGA device added: decodes=io+mem,owns=io+mem,locks=none
[    0.636005] pci 0000:00:02.0: vgaarb: bridge control possible
[    0.640003] vgaarb: loaded
[    0.644079] ACPI: bus type USB registered
[    0.648044] usbcore: registered new interface driver usbfs
[    0.652038] usbcore: registered new interface driver hub
[    0.656012] usbcore: registered new device driver usb
[    0.660324] EDAC MC: Ver: 3.0.0
[    0.668377] PCI: Using ACPI for IRQ routing
[    0.672981] NetLabel: Initializing
[    0.676005] NetLabel:  domain hash size = 128
[    0.680004] NetLabel:  protocols = UNLABELED CIPSOv4 CALIPSO
[    0.684035] NetLabel:  unlabeled traffic allowed by default
[    0.688414] clocksource: Switched to clocksource kvm-clock
[    0.698642] VFS: Disk quotas dquot_6.6.0
[    0.698642] VFS: Dquot-cache hash table entries: 512 (order 0, 4096 bytes)
[    0.698642] AppArmor: AppArmor Filesystem Enabled
[    0.698642] pnp: PnP ACPI init
[    0.698642] pnp: PnP ACPI: found 3 devices
[    0.819090] clocksource: acpi_pm: mask: 0xffffff max_cycles: 0xffffff, max_idle_ns: 2085701024 ns
[    0.820545] NET: Registered protocol family 2
[    0.820545] IP idents hash table entries: 65536 (order: 7, 524288 bytes)
[    0.846588] TCP established hash table entries: 32768 (order: 6, 262144 bytes)
[    0.856487] TCP bind hash table entries: 32768 (order: 7, 524288 bytes)
[    0.866558] TCP: Hash tables configured (established 32768 bind 32768)
[    0.867994] UDP hash table entries: 2048 (order: 4, 65536 bytes)
[    0.867994] UDP-Lite hash table entries: 2048 (order: 4, 65536 bytes)
[    0.867994] NET: Registered protocol family 1
[    0.867994] pci 0000:00:00.0: Limiting direct PCI/PCI transfers
[    0.867994] pci 0000:00:01.0: Activating ISA DMA hang workarounds
[    0.867994] pci 0000:00:02.0: Video device with shadowed ROM at [mem 0x000c0000-0x000dffff]
[    0.867994] Unpacking initramfs...
[    1.500498] Freeing initrd memory: 20416K
[    1.505345] PCI-DMA: Using software bounce buffering for IO (SWIOTLB)
[    1.511702] software IO TLB: mapped [mem 0xdbff0000-0xdfff0000] (64MB)
[    1.518171] clocksource: tsc: mask: 0xffffffffffffffff max_cycles: 0x22983d4fda2, max_idle_ns: 440795302975 ns
[    1.528664] platform rtc_cmos: registered platform RTC device (no PNP device found)
[    1.537300] Scanning for low memory corruption every 60 seconds
[    1.546635] Initialise system trusted keyrings
[    1.552217] Key type blacklist registered
[    1.557734] workingset: timestamp_bits=36 max_order=20 bucket_order=0
[    1.568165] zbud: loaded
[    1.573745] squashfs: version 4.0 (2009/01/31) Phillip Lougher
[    1.581842] fuse init (API version 7.26)
[    1.609187] Key type asymmetric registered
[    1.613987] Asymmetric key parser 'x509' registered
[    1.619753] Block layer SCSI generic (bsg) driver version 0.4 loaded (major 246)
[    1.628815] io scheduler noop registered
[    1.633718] io scheduler deadline registered
[    1.638712] io scheduler cfq registered (default)
[    1.645568] ACPI: AC Adapter [AC] (on-line)
[    1.650679] input: Power Button as /devices/LNXSYSTM:00/LNXPWRBN:00/input/input0
[    1.658167] ACPI: Power Button [PWRF]
[    1.662786] input: Sleep Button as /devices/LNXSYSTM:00/LNXSLPBN:00/input/input1
[    1.670002] ACPI: Sleep Button [SLPF]
[    1.676290] Serial: 8250/16550 driver, 32 ports, IRQ sharing enabled
[    1.677615] ACPI: Battery Slot [BAT0] (battery present)
[    1.714214] 00:02: ttyS0 at I/O 0x3f8 (irq = 4, base_baud = 115200) is a 16550A
[    1.717302] Linux agpgart interface v0.103
[    1.737367] loop: module loaded
[    1.749758] scsi host0: ata_piix
[    1.756263] scsi host1: ata_piix
[    1.760097] ata1: PATA max UDMA/33 cmd 0x1f0 ctl 0x3f6 bmdma 0xd000 irq 14
[    1.768028] ata2: PATA max UDMA/33 cmd 0x170 ctl 0x376 bmdma 0xd008 irq 15
[    1.776962] tun: Universal TUN/TAP device driver, 1.6
[    1.783394] PPP generic driver version 2.4.2
[    1.787132] ehci_hcd: USB 2.0 'Enhanced' Host Controller (EHCI) Driver
[    1.787132] ehci-pci: EHCI PCI platform driver
[    1.787132] ehci-platform: EHCI generic platform driver
[    1.787132] ohci_hcd: USB 1.1 'Open' Host Controller (OHCI) Driver
[    1.787132] ohci-pci: OHCI PCI platform driver
[    1.787132] ohci-platform: OHCI generic platform driver
[    1.787132] uhci_hcd: USB Universal Host Controller Interface driver
[    1.787132] i8042: PNP: PS/2 Controller [PNP0303:PS2K,PNP0f03:PS2M] at 0x60,0x64 irq 1,12
[    1.787132] serio: i8042 KBD port at 0x60,0x64 irq 1
[    1.787132] serio: i8042 AUX port at 0x60,0x64 irq 12
[    1.787132] mousedev: PS/2 mouse device common for all mice
[    1.856267] input: AT Translated Set 2 keyboard as /devices/platform/i8042/serio0/input/input2
[    1.865000] rtc_cmos rtc_cmos: rtc core: registered rtc_cmos as rtc0
[    1.872113] rtc_cmos rtc_cmos: alarms up to one day, 114 bytes nvram
[    1.878572] i2c /dev entries driver
[    1.882616] device-mapper: uevent: version 1.0.3
[    1.887763] device-mapper: ioctl: 4.37.0-ioctl (2017-09-20) initialised: dm-devel@redhat.com
[    1.896843] ledtrig-cpu: registered to indicate activity on CPUs
[    1.906445] NET: Registered protocol family 10
[    1.923447] Segment Routing with IPv6
[    1.927758] NET: Registered protocol family 17
[    1.932704] Key type dns_resolver registered
[    1.965965] mce: Using 0 MCE banks
[    1.969955] RAS: Correctable Errors collector initialized.
[    1.975235] sched_clock: Marking stable (1975180776, 0)->(3761823923, -1786643147)
[    2.003205] registered taskstats version 1
[    2.008334] Loading compiled-in X.509 certificates
[    2.019161] Loaded X.509 cert 'Build time autogenerated kernel key: cdc7189136aaa35407544516090e2034d9c28e14'
[    2.029869] Loaded X.509 cert 'Canonical Ltd. Live Patch Signing: 14df34d1a87cf37625abec039ef2bf521249b969'
[    2.039938] Loaded X.509 cert 'Canonical Ltd. Kernel Module Signing: 88f752e560a1e0737e31163a466ad7b70a850c19'
[    2.050707] blacklist: Loading compiled-in revocation X.509 certificates
[    2.058499] Loaded X.509 cert 'Canonical Ltd. Secure Boot Signing: 61482aa2830d0ab2ad5af10b7250da9033ddcef0'
[    2.069587] Loaded X.509 cert 'Canonical Ltd. Secure Boot Signing (2017): 242ade75ac4a15e50d50c84b0d45ff3eae707a03'
[    2.081013] Loaded X.509 cert 'Canonical Ltd. Secure Boot Signing (ESM 2018): 365188c1d374d6b07c3c8f240f8ef722433d6a8b'
[    2.093578] Loaded X.509 cert 'Canonical Ltd. Secure Boot Signing (2019): c0746fd6c5da3ae827864651ad66ae47fe24b3e8'
[    2.105413] Loaded X.509 cert 'Canonical Ltd. Secure Boot Signing (2021 v1): a8d54bbb3825cfb94fa13c9f8a594a195c107b8d'
[    2.116994] Loaded X.509 cert 'Canonical Ltd. Secure Boot Signing (2021 v2): 4cf046892d6fd3c9a5b03f98d845f90851dc6a8c'
[    2.130579] Loaded X.509 cert 'Canonical Ltd. Secure Boot Signing (2021 v3): 100437bb6de6e469b581e61cd66bce3ef4ed53af'
[    2.142414] Loaded X.509 cert 'Canonical Ltd. Secure Boot Signing (Ubuntu Core 2019): c1d57b8f6b743f23ee41f4f7ee292f06eecadfb9'
[    2.155234] zswap: loaded using pool lzo/zbud
[    2.171471] Key type big_key registered
[    2.176105] Key type trusted registered
[    2.184421] Key type encrypted registered
[    2.189214] AppArmor: AppArmor sha1 policy hashing enabled
[    2.195309] ima: No TPM chip found, activating TPM-bypass! (rc=-19)
[    2.202535] ima: Allocated hash algorithm: sha1
[    2.208584] evm: HMAC attrs: 0x1
[    2.213449]   Magic number: 0:19:660
[    2.218602] rtc_cmos rtc_cmos: setting system clock to 2024-11-10 01:39:51 UTC (1731202791)
[    2.229397] BIOS EDD facility v0.16 2004-Jun-25, 0 devices found
[    2.237227] EDD information not available.
[    2.246791] Freeing unused kernel image memory: 2480K
[    2.275812] Write protecting the kernel read-only data: 20480k
[    2.284720] Freeing unused kernel image memory: 2008K
[    2.291152] Freeing unused kernel image memory: 1820K
[    2.303790] x86/mm: Checked W+X mappings: passed, no W+X pages found.
[    2.311560] x86/mm: Checking user space page tables
[    2.323418] x86/mm: Checked W+X mappings: passed, no W+X pages found.
Loading, please wait...
starting version 237
[    2.446369] e1000: Intel(R) PRO/1000 Network Driver - version 7.3.21-k8-NAPI
[    2.456137] e1000: Copyright (c) 1999-2006 Intel Corporation.
[    2.481100] Fusion MPT base driver 3.04.20
[    2.487115] Copyright (c) 1999-2008 LSI Corporation
[    2.524379] SSE version of gcm_enc/dec engaged.
[    2.534933] Fusion MPT SPI Host driver 3.04.20
[    2.558636] vboxvideo: loading out-of-tree module taints kernel.
[    2.578046] vboxvideo: module verification failed: signature and/or required key missing - tainting kernel
[    2.590685] vboxvideo: loading version 7.0.20 r163906
[    2.706073] input: ImExPS/2 Generic Explorer Mouse as /devices/platform/i8042/serio1/input/input4
[    3.187486] e1000 0000:00:03.0 eth0: (PCI:33MHz:32-bit) 02:3b:7b:b7:3b:2d
[    3.194273] e1000 0000:00:03.0 eth0: Intel(R) PRO/1000 Network Connection
[    3.203773] e1000 0000:00:03.0 enp0s3: renamed from eth0
[    3.209665] mptbase: ioc0: Initiating bringup
[    3.327344] ioc0: LSI53C1030 A0: Capabilities={Initiator}
[    3.592666] scsi host2: ioc0: LSI53C1030 A0, FwRev=00000000h, Ports=1, MaxQ=256, IRQ=20
[    3.772338] scsi 2:0:0:0: Direct-Access     VBOX     HARDDISK         1.0  PQ: 0 ANSI: 5
[    3.773074] [drm] VRAM 01000000
[    3.785570] [TTM] Zone  kernel: Available graphics memory: 2019570 kiB
[    3.792229] [TTM] Initializing pool allocator
[    3.797171] [TTM] Initializing DMA pool allocator
[    3.820194] fbcon: vboxdrmfb (fb0) is primary device
[    3.839096] Console: switching to colour frame buffer device 100x37
[    3.839362] scsi target2:0:0: Beginning Domain Validation
[    3.845290] scsi target2:0:0: Domain Validation skipping write tests
[    3.845291] scsi target2:0:0: Ending Domain Validation
[    3.845579] scsi target2:0:0: asynchronous
[    3.847628] scsi 2:0:1:0: Direct-Access     VBOX     HARDDISK         1.0  PQ: 0 ANSI: 5
[    3.881464] vboxvideo 0000:00:02.0: fb0: vboxdrmfb frame buffer device
[    3.896681] scsi target2:0:1: Beginning Domain Validation
[    3.906342] scsi target2:0:1: Domain Validation skipping write tests
[    3.910457] scsi target2:0:1: Ending Domain Validation
[    3.912847] [drm] Initialized vboxvideo 1.0.0 20130823 for 0000:00:02.0 on minor 0
[    3.913678] scsi target2:0:1: asynchronous
[    3.936256] sd 2:0:0:0: Attached scsi generic sg0 type 0
[    3.944515] sd 2:0:1:0: Attached scsi generic sg1 type 0
[    3.953100] sd 2:0:0:0: [sda] 83886080 512-byte logical blocks: (42.9 GB/40.0 GiB)
[    3.962248] sd 2:0:0:0: [sda] Write Protect is off
[    3.969587] sd 2:0:1:0: [sdb] 20480 512-byte logical blocks: (10.5 MB/10.0 MiB)
[    3.979123] sd 2:0:1:0: [sdb] Write Protect is off
[    3.987480] sd 2:0:0:0: [sda] Incomplete mode parameter data
[    3.995818] sd 2:0:0:0: [sda] Assuming drive cache: write through
[    4.005064] sd 2:0:1:0: [sdb] Incomplete mode parameter data
[    4.013813] sd 2:0:1:0: [sdb] Assuming drive cache: write through
[    4.034907]  sda: sda1
[    4.047835] sd 2:0:0:0: [sda] Attached SCSI disk
[    4.056696] sd 2:0:1:0: [sdb] Attached SCSI disk
Begin: Loading essential drivers ... [    4.316520] raid6: sse2x1   gen() 10526 MB/s
[    4.372014] raid6: sse2x1   xor()  7689 MB/s
[    4.428054] raid6: sse2x2   gen() 12390 MB/s
[    4.484083] raid6: sse2x2   xor()  8579 MB/s
[    4.540730] raid6: sse2x4   gen() 18476 MB/s
[    4.596175] raid6: sse2x4   xor() 11304 MB/s
[    4.605381] raid6: using algorithm sse2x4 gen() 18476 MB/s
[    4.615070] raid6: .... xor() 11304 MB/s, rmw enabled
[    4.624800] raid6: using ssse3x2 recovery algorithm
[    4.636828] xor: measuring software checksum speed
[    9.286738]    prefetch64-sse: -137580.-296 MB/sec
[    9.400540]    generic_sse: 47419.000 MB/sec
[    9.409853] xor: using function: generic_sse (47419.000 MB/sec)
[    9.422602] async_tx: api initialized (async)
done.
Begin: Running /scripts/init-premount ... done.
Begin: Mounting root file system ... Begin: Running /scripts/local-top ... done.
Begin: Running /scripts/local-premount ... [    9.495683] Btrfs loaded, crc32c=crc32c-intel
Scanning for Btrfs filesystems
done.
Begin: Will now check root file system ... fsck from util-linux 2.31.1
[/sbin/fsck.ext4 (1) -- /dev/sda1] fsck.ext4 -a -C0 /dev/sda1 
cloudimg-rootfs: clean, 138692/5120000 files, 1474739/10485499 blocks
done.
[    9.602233] EXT4-fs (sda1): mounted filesystem with ordered data mode. Opts: (null)
done.
Begin: Running /scripts/local-bottom ... done.
Begin: Running /scripts/init-bottom ... done.
[    9.936780] ip_tables: (C) 2000-2006 Netfilter Core Team
[    9.967615] systemd[1]: systemd 237 running in system mode. (+PAM +AUDIT +SELINUX +IMA +APPARMOR +SMACK +SYSVINIT +UTMP +LIBCRYPTSETUP +GCRYPT +GNUTLS +ACL +XZ +LZ4 +SECCOMP +BLKID +ELFUTILS +KMOD -IDN2 +IDN -PCRE2 default-hierarchy=hybrid)
[   10.004774] systemd[1]: Detected virtualization oracle.
[   10.016615] systemd[1]: Detected architecture x86-64.

Welcome to [1mUbuntu 18.04.6 LTS[0m!

[   10.069036] systemd[1]: Set hostname to <ubuntu-bionic>.
[   10.482714] systemd[1]: Created slice User and Session Slice.
[[0;32m  OK  [0m] Created slice User and Session Slice.
[   10.497513] systemd[1]: Reached target System Time Synchronized.
[[0;32m  OK  [0m] Reached target System Time Synchronized.
[   10.512025] systemd[1]: Started Forward Password Requests to Wall Directory Watch.
[[0;32m  OK  [0m] Started Forward Password Requests to Wall Directory Watch.
[   10.527993] systemd[1]: Created slice System Slice.
[[0;32m  OK  [0m] Created slice System Slice.
[   10.541803] systemd[1]: Listening on Journal Audit Socket.
[[0;32m  OK  [0m] Listening on Journal Audit Socket.
[   10.602686] systemd[1]: Listening on udev Kernel Socket.
[[0;32m  OK  [0m] Listening on udev Kernel Socket.
[[0;32m  OK  [0m] Listening on Network Service Netlink Socket.
[[0;32m  OK  [0m] Listening on Journal Socket.
         Starting Create list of required st…ce nodes for the current kernel...
         Starting Load Kernel Modules...
[[0;32m  OK  [0m] Listening on udev Control Socket.
[[0;32m  OK  [0m] Listening on LVM2 poll daemon socket.
         Starting Set the console keyboard layout...
[[0;32m  OK  [0m] Created slice system-serial\x2dgetty.slice.
         Starting Uncomplicated firewall...
         Starting udev Coldplug all Devices...
[[0;32m  OK  [0m] Listening on LVM2 metadata daemon socket.
[[0;32m  OK  [0m] Set up automount Arbitrary Executab…rmats File System Automount Point.
[   10.666835] Loading iSCSI transport class v2.0-870.
[[0;32m  OK  [0m] Reached target Swap.
[[0;32m  OK  [0m] Listening on Syslog Socket.
[[0;32m  OK  [0m] Reached target Slices.
[[0;32m  OK  [0m] Listening on Device-mapper event daemon FIFOs.
         Mounting Huge Pages File System...
[[0;32m  OK  [0m] Reached target Mounting snaps.
         Mounting POSIX Message Queue File System...[   10.706770] iscsi: registered transport (tcp)

         Mounting Kernel Debug File System...
[[0;32m  OK  [0m] Listening on fsck to fsckd communication Socket.
         Starting Remount Root and Kernel File Systems...
[[0;32m  OK  [0m] Reached target User and Group Name Lookups.
         Starting Monitoring of LVM2 mirrors…ng dmeventd or progress polling...
[[0;32m  OK  [0m] Listening on /dev/initctl Compatibility Named Pipe.
[[0;32m  OK  [0m] Reached target Mounted snaps.
[[0;32m  OK  [0m] Listening on Journal Socket (/dev/log).
[   10.765948] iscsi: registered transport (iser)
         Starting Journal Service...
[[0;32m  OK  [0m] Started Create list of required sta…vice nodes for the current kernel.
[[0;32m  OK  [0m] Started Load Kernel Modules.
[[0;32m  OK  [0m] Started Uncomplicated firewall.
[[0;32m  OK  [0m] Mounted Huge Pages File System.
[[0;32m  OK  [0m] Mounted POSIX Message Queue File System.[   10.829879] EXT4-fs (sda1): re-mounted. Opts: (null)

[[0;32m  OK  [0m] Mounted Kernel Debug File System.
[[0;32m  OK  [0m] Started Remount Root and Kernel File Systems.
         Starting Load/Save Random Seed...
         Mounting FUSE Control File System...
         Mounting Kernel Configuration File System...
         Starting Apply Kernel Variables...
         Starting Create Static Device Nodes in /dev...
[[0;32m  OK  [0m] Started Journal Service.
[[0;32m  OK  [0m] Started udev Coldplug all Devices.
[[0;32m  OK  [0m] Mounted FUSE Control File System.
[[0;32m  OK  [0m] Mounted Kernel Configuration File System.
         Starting Flush Journal to Persistent Storage...
[[0;32m  OK  [0m] Started Load/Save Random Seed.
[[0;32m  OK  [0m] Started LVM2 metadata daemon.
[[0;32m  OK  [0m] Started Create Static Device Nodes in /dev.
         Starting udev Kernel Device Manager...
[[0;32m  OK  [0m] Started Apply Kernel Variables.
[[0;32m  OK  [0m] Started Monitoring of LVM2 mirrors,…sing dmeventd or progress polling.
[[0;32m  OK  [0m] Started Set the console keyboard layout.
[[0;32m  OK  [0m] Reached target Local File Systems (Pre).
[[0;32m  OK  [0m] Reached target Local File Systems.
         Starting Tell Plymouth To Write Out Runtime Data...
         Starting Set console font and keymap...
         Starting ebtables ruleset management...
         Starting AppArmor initialization...
[[0;32m  OK  [0m] Started Tell Plymouth To Write Out Runtime Data.
[[0;32m  OK  [0m] Started Set console font and keymap.
[[0;32m  OK  [0m] Started udev Kernel Device Manager.
[[0;32m  OK  [0m] Started Dispatch Password Requests to Console Directory Watch.
[[0;32m  OK  [0m] Reached target Local Encrypted Volumes.
[[0;32m  OK  [0m] Started Flush Journal to Persistent Storage.
         Starting Create Volatile Files and Directories...
[[0;32m  OK  [0m] Started ebtables ruleset management.
[[0;32m  OK  [0m] Started Create Volatile Files and Directories.
         Starting Update UTMP about System Boot/Shutdown...
[[0;32m  OK  [0m] Started Update UTMP about System Boot/Shutdown.
[[0;32m  OK  [0m] Found device /dev/ttyS0.
[[0;32m  OK  [0m] Listening on Load/Save RF Kill Switch Status /dev/rfkill Watch.
[[0;32m  OK  [0m] Started AppArmor initialization.
         Starting Initial cloud-init job (pre-networking)...
         Starting Load AppArmor profiles managed internally by snapd...
         Mounting Arbitrary Executable File Formats File System...
[[0;32m  OK  [0m] Mounted Arbitrary Executable File Formats File System.
[[0;32m  OK  [0m] Started Load AppArmor profiles managed internally by snapd.
[   13.422003] cloud-init[570]: Cloud-init v. 23.1.2-0ubuntu0~18.04.1 running 'init-local' at Sun, 10 Nov 2024 01:40:02 +0000. Up 13.22 seconds.
[[0;32m  OK  [0m] Started Initial cloud-init job (pre-networking).
[[0;32m  OK  [0m] Reached target Network (Pre).
         Starting Network Service...
[[0;32m  OK  [0m] Started Network Service.
         Starting Wait for Network to be Configured...
         Starting Network Name Resolution...
[[0;32m  OK  [0m] Started Network Name Resolution.
[[0;32m  OK  [0m] Reached target Network.
[[0;32m  OK  [0m] Reached target Host and Network Name Lookups.
[[0;32m  OK  [0m] Started Wait for Network to be Configured.
         Starting Initial cloud-init job (metadata service crawler)...
[   15.688992] cloud-init[732]: Cloud-init v. 23.1.2-0ubuntu0~18.04.1 running 'init' at Sun, 10 Nov 2024 01:40:04 +0000. Up 15.55 seconds.
[   15.693178] cloud-init[732]: ci-info: ++++++++++++++++++++++++++++++++++++++Net device info++++++++++++++++++++++++++++++++++++++
[   15.705215] cloud-init[732]: ci-info: +--------+------+----------------------------+---------------+--------+-------------------+
[   15.709069] cloud-init[732]: ci-info: | Device |  Up  |          Address           |      Mask     | Scope  |     Hw-Address    |
[   15.713088] cloud-init[732]: ci-info: +--------+------+----------------------------+---------------+--------+-------------------+
[   15.716974] cloud-init[732]: ci-info: | enp0s3 | True |         10.0.2.15          | 255.255.255.0 | global | 02:3b:7b:b7:3b:2d |
[   15.720631] cloud-init[732]: ci-info: | enp0s3 | True | fe80::3b:7bff:feb7:3b2d/64 |       .       |  link  | 02:3b:7b:b7:3b:2d |
[   15.732381] cloud-init[732]: ci-info: |   lo   | True |         127.0.0.1          |   255.0.0.0   |  host  |         .         |
[   15.736412] cloud-init[732]: ci-info: |   lo   | True |          ::1/128           |       .       |  host  |         .         |
[   15.740503] cloud-init[732]: ci-info: +--------+------+----------------------------+---------------+--------+-------------------+
[   15.744312] cloud-init[732]: ci-info: ++++++++++++++++++++++++++++Route IPv4 info+++++++++++++++++++++++++++++
[   15.747475] cloud-init[732]: ci-info: +-------+-------------+----------+-----------------+-----------+-------+
[   15.750721] cloud-init[732]: ci-info: | Route | Destination | Gateway  |     Genmask     | Interface | Flags |
[   15.753962] cloud-init[732]: ci-info: +-------+-------------+----------+-----------------+-----------+-------+
[   15.757172] cloud-init[732]: ci-info: |   0   |   0.0.0.0   | 10.0.2.2 |     0.0.0.0     |   enp0s3  |   UG  |
[   15.760350] cloud-init[732]: ci-info: |   1   |   10.0.2.0  | 0.0.0.0  |  255.255.255.0  |   enp0s3  |   U   |
[   15.763798] cloud-init[732]: ci-info: |   2   |   10.0.2.2  | 0.0.0.0  | 255.255.255.255 |   enp0s3  |   UH  |
[   15.769185] cloud-init[732]: ci-info: +-------+-------------+----------+-----------------+-----------+-------+
[   15.775202] cloud-init[732]: ci-info: +++++++++++++++++++Route IPv6 info+++++++++++++++++++
[   15.780971] cloud-init[732]: ci-info: +-------+-------------+---------+-----------+-------+
[   15.786032] cloud-init[732]: ci-info: | Route | Destination | Gateway | Interface | Flags |
[   15.791089] cloud-init[732]: ci-info: +-------+-------------+---------+-----------+-------+
[   15.797655] cloud-init[732]: ci-info: |   1   |  fe80::/64  |    ::   |   enp0s3  |   U   |
[   15.800602] cloud-init[732]: ci-info: |   3   |    local    |    ::   |   enp0s3  |   U   |
[   15.803358] cloud-init[732]: ci-info: |   4   |   ff00::/8  |    ::   |   enp0s3  |   U   |
[   15.806174] cloud-init[732]: ci-info: +-------+-------------+---------+-----------+-------+
[[0;32m  OK  [0m] Started Initial cloud-init job (metadata service crawler).
[[0;32m  OK  [0m] Reached target Cloud-config availability.
[[0;32m  OK  [0m] Reached target Network is Online.
[[0;32m  OK  [0m] Reached target Remote File Systems (Pre).
         Starting Availability of block devices...
         Mounting /vagrant...
[[0;32m  OK  [0m] Reached target System Initialization.
[[0;32m  OK  [0m] Started Daily apt download activities.
[[0;32m  OK  [0m] Listening on cloud-init hotplug hook socket.
         Starting LXD - unix socket.
[[0;32m  OK  [0m] Started Daily apt upgrade and clean activities.
[[0;32m  OK  [0m] Listening on Open-iSCSI iscsid Socket.
[[0;32m  OK  [0m] Started ACPI Events Check.
[[0;32m  OK  [0m] Reached target Paths.
[[0;32m  OK  [0m] Started Ubuntu Advantage Timer for running repeated jobs.
[[0;32m  OK  [0m] Listening on D-Bus System Message Bus Socket.
[[0;32m  OK  [0m] Listening on UUID daemon activation socket.
         Starting Docker Socket for the API.
[[0;32m  OK  [0m] Started Discard unused blocks once a week.
[[0;32m  OK  [0m] Started Message of the Day.
[[0;32m  OK  [0m] Started Daily Cleanup of Temporary Directories.
[[0;32m  OK  [0m] Reached target Timers.
[[0;32m  OK  [0m] Listening on ACPID Listen Socket.
         Starting Socket activation for snappy daemon.
[[0;32m  OK  [0m] Started Availability of block devices.
[[0;32m  OK  [0m] Listening on LXD - unix socket.
[[0;32m  OK  [0m] Listening on Socket activation for snappy daemon.
[[0;32m  OK  [0m] Listening on Docker Socket for the API.
[[0;32m  OK  [0m] Reached target Sockets.
[[0;32m  OK  [0m] Reached target Basic System.
         Starting containerd container runtime...
[[0;32m  OK  [0m] Started FUSE filesystem for LXC.
         Starting Jenkins Continuous Integration Server...
         Starting Login Service...
         Starting Dispatcher daemon for systemd-networkd...
         Starting LXD - container startup/shutdown...
         Starting vboxadd.service...
[[0;32m  OK  [0m] Started irqbalance daemon.
[[0;32m  OK  [0m] Started Deferred execution scheduler.
         Starting Accounts Service...
         Starting Snap Daemon...
[[0;32m  OK  [0m] Reached target Login Prompts (Pre).
         Starting LSB: Record successful boot for GRUB...
[[0;32m  OK  [0m] Started D-Bus System Message Bus.
[[0;32m  OK  [0m] Started Login Service.
         Starting System Logging Service...
[[0;32m  OK  [0m] Started Unattended Upgrades Shutdown.
[[0;32m  OK  [0m] Started Regular background program processing daemon.
         Starting OpenBSD Secure Shell server...
[[0;32m  OK  [0m] Started System Logging Service.
[[0;1;31mFAILED[0m] Failed to mount /vagrant.
See 'systemctl status vagrant.mount' for details.
[[0;1;33mDEPEND[0m] Dependency failed for Remote File Systems.
         Starting Permit User Sessions...
         Starting LSB: automatic crash report generation...
[[0;32m  OK  [0m] Started Permit User Sessions.
         Starting Terminate Plymouth Boot Screen...
         Starting Hold until boot process finishes up...
         Starting Authorization Manager...
[[0;32m  OK  [0m] Started Hold until boot process finishes up.
[[0;32m  OK  [0m] Started Terminate Plymouth Boot Screen.
[[0;32m  OK  [0m] Started Dispatcher daemon for systemd-networkd.
[[0;32m  OK  [0m] Started Serial Getty on ttyS0.
         Starting Set console scheme...
[[0;32m  OK  [0m] Started Authorization Manager.
[[0;32m  OK  [0m] Started Accounts Service.
[[0;32m  OK  [0m] Started Set console scheme.
[[0;32m  OK  [0m] Created slice system-getty.slice.
[[0;32m  OK  [0m] Started Getty on tty1.
[[0;32m  OK  [0m] Reached target Login Prompts.
[[0;32m  OK  [0m] Started LSB: Record successful boot for GRUB.
[[0;32m  OK  [0m] Started OpenBSD Secure Shell server.
[[0;32m  OK  [0m] Started LXD - container startup/shutdown.
[[0;32m  OK  [0m] Started LSB: automatic crash report generation.
[[0;32m  OK  [0m] Created slice User Slice of vagrant.
[[0;32m  OK  [0m] Started vboxadd.service.
[[0;32m  OK  [0m] Started Session 1 of user vagrant.
         Starting vboxadd-service.service...
         Starting User Manager for UID 1000...
[[0;32m  OK  [0m] Started vboxadd-service.service.
[[0;32m  OK  [0m] Started Snap Daemon.
         Starting Wait until snapd is fully seeded...
[[0;32m  OK  [0m] Started User Manager for UID 1000.
         Starting Time & Date Service...
[[0;32m  OK  [0m] Started Time & Date Service.
[[0;32m  OK  [0m] Started containerd container runtime.
         Starting Docker Application Container Engine...
[[0;32m  OK  [0m] Started Wait until snapd is fully seeded.
         Starting Apply the settings specified in cloud-config...
[   20.262771] cloud-init[1427]: Cloud-init v. 23.1.2-0ubuntu0~18.04.1 running 'modules:config' at Sun, 10 Nov 2024 01:40:09 +0000. Up 19.99 seconds.
[[0;32m  OK  [0m] Started Apply the settings specified in cloud-config.

Ubuntu 18.04.6 LTS ubuntu-bionic ttyS0

ubuntu-bionic login: [   40.865097] cloud-init[2127]: Cloud-init v. 23.1.2-0ubuntu0~18.04.1 running 'modules:final' at Sun, 10 Nov 2024 01:40:29 +0000. Up 40.69 seconds.
[   40.866369] cloud-init[2127]: Cloud-init v. 23.1.2-0ubuntu0~18.04.1 finished at Sun, 10 Nov 2024 01:40:30 +0000. Datasource DataSourceNoCloud [seed=/dev/sdb][dsmode=net].  Up 40.85 seconds
